// Jest Snapshot v1, https://goo.gl/fbAQLP

exports[`Info creates the component 1`] = `"<header class=\\"info test\\"><h1>Hello</h1></header>"`;
